<?xml version="1.0" encoding="UTF-8"?>
<testsuites>
  <testsuite name="Tests\Integration\FileUploadIntegrationTest" file="File Upload Integration (Tests\Integration\FileUploadIntegration)" tests="2" assertions="7" errors="0" failures="0" skipped="0" time="0.090297">
    <testcase name="It can analyze file upload with docblock annotations" file="File Upload Integration (Tests\Integration\FileUploadIntegration)::It can analyze file upload with docblock annotations" class="Tests\Integration\FileUploadIntegrationTest" classname="Tests.Integration.FileUploadIntegrationTest" assertions="6" time="0.062554"/>
    <testcase name="It can generate openapi spec with file upload" file="File Upload Integration (Tests\Integration\FileUploadIntegration)::It can generate openapi spec with file upload" class="Tests\Integration\FileUploadIntegrationTest" classname="Tests.Integration.FileUploadIntegrationTest" assertions="1" time="0.027743"/>
  </testsuite>
</testsuites>
